[1;36m Weekend Trips [0m[2m  plan · Lisbon · Sat 10 - Sun 11 Oct                            [0m
[2m┌──────────────────────────────┬─────────────────────────────────────────────┐[0m
[2m│[0m [1mIdeas[0m                        [2m│[0m [1mSintra[0m, Saturday                            [2m│[0m
[2m│[0m                              [2m│[0m                                             [2m│[0m
[2m│[0m [7m1  Sintra       EUR 38      [0m [2m│[0m  09:10  train from Rossio (40 min)          [2m│[0m
[2m│[0m   2  Comporta     EUR 64     [2m│[0m  10:00  Pena Palace                         [2m│[0m
[2m│[0m   3  Evora        EUR 52     [2m│[0m  11:30  trail to the Moorish Castle         [2m│[0m
[2m│[0m                              [2m│[0m  13:30  lunch in the old town               [2m│[0m
[2m│[0m                              [2m│[0m  16:00  Quinta da Regaleira                 [2m│[0m
[2m│[0m                              [2m│[0m                                             [2m│[0m
[2m│[0m                              [2m│[0m [32m45 min by train · hiking, palaces[0m           [2m│[0m
[2m│[0m                              [2m│[0m                                             [2m│[0m
[2m│[0m                              [2m│[0m                                             [2m│[0m
[2m│[0m                              [2m│[0m                                             [2m│[0m
[2m│[0m                              [2m│[0m                                             [2m│[0m
[2m│[0m                              [2m│[0m                                             [2m│[0m
[2m│[0m                              [2m│[0m                                             [2m│[0m
[2m│[0m                              [2m│[0m                                             [2m│[0m
[2m│[0m                              [2m│[0m                                             [2m│[0m
[2m│[0m                              [2m│[0m                                             [2m│[0m
[2m│[0m                              [2m│[0m                                             [2m│[0m
[2m└──────────────────────────────┴─────────────────────────────────────────────┘[0m
[2m ↑↓ move   enter pick   s share   q quit[0m
